
AVRASM ver. 2.1.30  D:\uni courses\microprossesor\LastProject\test with timer2\Debug\List\traffic_light_project.asm Tue Jun 02 12:44:54 2026

                 
                 
                 ;CodeVisionAVR C Compiler V3.14 Advanced
                 ;(C) Copyright 1998-2014 Pavel Haiduc, HP InfoTech s.r.l.
                 ;http://www.hpinfotech.com
                 
                 ;Build configuration    : Debug
                 ;Chip type              : ATmega16
                 ;Program type           : Application
                 ;Clock frequency        : 1.000000 MHz
                 ;Memory model           : Small
                 ;Optimize for           : Size
                 ;(s)printf features     : int, width
                 ;(s)scanf features      : int, width
                 ;External RAM size      : 0
                 ;Data Stack size        : 256 byte(s)
                 ;Heap size              : 0 byte(s)
                 ;Promote 'char' to 'int': Yes
                 ;'char' is unsigned     : Yes
                 ;8 bit enums            : Yes
                 ;Global 'const' stored in FLASH: Yes
                 ;Enhanced function parameter passing: Yes
                 ;Enhanced core instructions: On
                 ;Automatic register allocation for global variables: On
                 ;Smart register allocation: On
                 
                 	#define _MODEL_SMALL_
                 
                 	#pragma AVRPART ADMIN PART_NAME ATmega16
                 	#pragma AVRPART MEMORY PROG_FLASH 16384
                 	#pragma AVRPART MEMORY EEPROM 512
                 	#pragma AVRPART MEMORY INT_SRAM SIZE 1024
                 	#pragma AVRPART MEMORY INT_SRAM START_ADDR 0x60
                 
                 	#define CALL_SUPPORTED 1
                 
                 	.LISTMAC
                 	.EQU UDRE=0x5
                 	.EQU RXC=0x7
                 	.EQU USR=0xB
                 	.EQU UDR=0xC
                 	.EQU SPSR=0xE
                 	.EQU SPDR=0xF
                 	.EQU EERE=0x0
                 	.EQU EEWE=0x1
                 	.EQU EEMWE=0x2
                 	.EQU EECR=0x1C
                 	.EQU EEDR=0x1D
                 	.EQU EEARL=0x1E
                 	.EQU EEARH=0x1F
                 	.EQU WDTCR=0x21
                 	.EQU MCUCR=0x35
                 	.EQU GICR=0x3B
                 	.EQU SPL=0x3D
                 	.EQU SPH=0x3E
                 	.EQU SREG=0x3F
                 
                 	.DEF R0X0=R0
                 	.DEF R0X1=R1
                 	.DEF R0X2=R2
                 	.DEF R0X3=R3
                 	.DEF R0X4=R4
                 	.DEF R0X5=R5
                 	.DEF R0X6=R6
                 	.DEF R0X7=R7
                 	.DEF R0X8=R8
                 	.DEF R0X9=R9
                 	.DEF R0XA=R10
                 	.DEF R0XB=R11
                 	.DEF R0XC=R12
                 	.DEF R0XD=R13
                 	.DEF R0XE=R14
                 	.DEF R0XF=R15
                 	.DEF R0X10=R16
                 	.DEF R0X11=R17
                 	.DEF R0X12=R18
                 	.DEF R0X13=R19
                 	.DEF R0X14=R20
                 	.DEF R0X15=R21
                 	.DEF R0X16=R22
                 	.DEF R0X17=R23
                 	.DEF R0X18=R24
                 	.DEF R0X19=R25
                 	.DEF R0X1A=R26
                 	.DEF R0X1B=R27
                 	.DEF R0X1C=R28
                 	.DEF R0X1D=R29
                 	.DEF R0X1E=R30
                 	.DEF R0X1F=R31
                 
                 	.EQU __SRAM_START=0x0060
                 	.EQU __SRAM_END=0x045F
                 	.EQU __DSTACK_SIZE=0x0100
                 	.EQU __HEAP_SIZE=0x0000
                 	.EQU __CLEAR_SRAM_SIZE=__SRAM_END-__SRAM_START+1
                 
                 	.MACRO __CPD1N
                 	CPI  R30,LOW(@0)
                 	LDI  R26,HIGH(@0)
                 	CPC  R31,R26
                 	LDI  R26,BYTE3(@0)
                 	CPC  R22,R26
                 	LDI  R26,BYTE4(@0)
                 	CPC  R23,R26
                 	.ENDM
                 
                 	.MACRO __CPD2N
                 	CPI  R26,LOW(@0)
                 	LDI  R30,HIGH(@0)
                 	CPC  R27,R30
                 	LDI  R30,BYTE3(@0)
                 	CPC  R24,R30
                 	LDI  R30,BYTE4(@0)
                 	CPC  R25,R30
                 	.ENDM
                 
                 	.MACRO __CPWRR
                 	CP   R@0,R@2
                 	CPC  R@1,R@3
                 	.ENDM
                 
                 	.MACRO __CPWRN
                 	CPI  R@0,LOW(@2)
                 	LDI  R30,HIGH(@2)
                 	CPC  R@1,R30
                 	.ENDM
                 
                 	.MACRO __ADDB1MN
                 	SUBI R30,LOW(-@0-(@1))
                 	.ENDM
                 
                 	.MACRO __ADDB2MN
                 	SUBI R26,LOW(-@0-(@1))
                 	.ENDM
                 
                 	.MACRO __ADDW1MN
                 	SUBI R30,LOW(-@0-(@1))
                 	SBCI R31,HIGH(-@0-(@1))
                 	.ENDM
                 
                 	.MACRO __ADDW2MN
                 	SUBI R26,LOW(-@0-(@1))
                 	SBCI R27,HIGH(-@0-(@1))
                 	.ENDM
                 
                 	.MACRO __ADDW1FN
                 	SUBI R30,LOW(-2*@0-(@1))
                 	SBCI R31,HIGH(-2*@0-(@1))
                 	.ENDM
                 
                 	.MACRO __ADDD1FN
                 	SUBI R30,LOW(-2*@0-(@1))
                 	SBCI R31,HIGH(-2*@0-(@1))
                 	SBCI R22,BYTE3(-2*@0-(@1))
                 	.ENDM
                 
                 	.MACRO __ADDD1N
                 	SUBI R30,LOW(-@0)
                 	SBCI R31,HIGH(-@0)
                 	SBCI R22,BYTE3(-@0)
                 	SBCI R23,BYTE4(-@0)
                 	.ENDM
                 
                 	.MACRO __ADDD2N
                 	SUBI R26,LOW(-@0)
                 	SBCI R27,HIGH(-@0)
                 	SBCI R24,BYTE3(-@0)
                 	SBCI R25,BYTE4(-@0)
                 	.ENDM
                 
                 	.MACRO __SUBD1N
                 	SUBI R30,LOW(@0)
                 	SBCI R31,HIGH(@0)
                 	SBCI R22,BYTE3(@0)
                 	SBCI R23,BYTE4(@0)
                 	.ENDM
                 
                 	.MACRO __SUBD2N
                 	SUBI R26,LOW(@0)
                 	SBCI R27,HIGH(@0)
                 	SBCI R24,BYTE3(@0)
                 	SBCI R25,BYTE4(@0)
                 	.ENDM
                 
                 	.MACRO __ANDBMNN
                 	LDS  R30,@0+(@1)
                 	ANDI R30,LOW(@2)
                 	STS  @0+(@1),R30
                 	.ENDM
                 
                 	.MACRO __ANDWMNN
                 	LDS  R30,@0+(@1)
                 	ANDI R30,LOW(@2)
                 	STS  @0+(@1),R30
                 	LDS  R30,@0+(@1)+1
                 	ANDI R30,HIGH(@2)
                 	STS  @0+(@1)+1,R30
                 	.ENDM
                 
                 	.MACRO __ANDD1N
                 	ANDI R30,LOW(@0)
                 	ANDI R31,HIGH(@0)
                 	ANDI R22,BYTE3(@0)
                 	ANDI R23,BYTE4(@0)
                 	.ENDM
                 
                 	.MACRO __ANDD2N
                 	ANDI R26,LOW(@0)
                 	ANDI R27,HIGH(@0)
                 	ANDI R24,BYTE3(@0)
                 	ANDI R25,BYTE4(@0)
                 	.ENDM
                 
                 	.MACRO __ORBMNN
                 	LDS  R30,@0+(@1)
                 	ORI  R30,LOW(@2)
                 	STS  @0+(@1),R30
                 	.ENDM
                 
                 	.MACRO __ORWMNN
                 	LDS  R30,@0+(@1)
                 	ORI  R30,LOW(@2)
                 	STS  @0+(@1),R30
                 	LDS  R30,@0+(@1)+1
                 	ORI  R30,HIGH(@2)
                 	STS  @0+(@1)+1,R30
                 	.ENDM
                 
                 	.MACRO __ORD1N
                 	ORI  R30,LOW(@0)
                 	ORI  R31,HIGH(@0)
                 	ORI  R22,BYTE3(@0)
                 	ORI  R23,BYTE4(@0)
                 	.ENDM
                 
                 	.MACRO __ORD2N
                 	ORI  R26,LOW(@0)
                 	ORI  R27,HIGH(@0)
                 	ORI  R24,BYTE3(@0)
                 	ORI  R25,BYTE4(@0)
                 	.ENDM
                 
                 	.MACRO __DELAY_USB
                 	LDI  R24,LOW(@0)
                 __DELAY_USB_LOOP:
                 	DEC  R24
                 	BRNE __DELAY_USB_LOOP
                 	.ENDM
                 
                 	.MACRO __DELAY_USW
                 	LDI  R24,LOW(@0)
                 	LDI  R25,HIGH(@0)
                 __DELAY_USW_LOOP:
                 	SBIW R24,1
                 	BRNE __DELAY_USW_LOOP
                 	.ENDM
                 
                 	.MACRO __GETD1S
                 	LDD  R30,Y+@0
                 	LDD  R31,Y+@0+1
                 	LDD  R22,Y+@0+2
                 	LDD  R23,Y+@0+3
                 	.ENDM
                 
                 	.MACRO __GETD2S
                 	LDD  R26,Y+@0
                 	LDD  R27,Y+@0+1
                 	LDD  R24,Y+@0+2
                 	LDD  R25,Y+@0+3
                 	.ENDM
                 
                 	.MACRO __PUTD1S
                 	STD  Y+@0,R30
                 	STD  Y+@0+1,R31
                 	STD  Y+@0+2,R22
                 	STD  Y+@0+3,R23
                 	.ENDM
                 
                 	.MACRO __PUTD2S
                 	STD  Y+@0,R26
                 	STD  Y+@0+1,R27
                 	STD  Y+@0+2,R24
                 	STD  Y+@0+3,R25
                 	.ENDM
                 
                 	.MACRO __PUTDZ2
                 	STD  Z+@0,R26
                 	STD  Z+@0+1,R27
                 	STD  Z+@0+2,R24
                 	STD  Z+@0+3,R25
                 	.ENDM
                 
                 	.MACRO __CLRD1S
                 	STD  Y+@0,R30
                 	STD  Y+@0+1,R30
                 	STD  Y+@0+2,R30
                 	STD  Y+@0+3,R30
                 	.ENDM
                 
                 	.MACRO __POINTB1MN
                 	LDI  R30,LOW(@0+(@1))
                 	.ENDM
                 
                 	.MACRO __POINTW1MN
                 	LDI  R30,LOW(@0+(@1))
                 	LDI  R31,HIGH(@0+(@1))
                 	.ENDM
                 
                 	.MACRO __POINTD1M
                 	LDI  R30,LOW(@0)
                 	LDI  R31,HIGH(@0)
                 	LDI  R22,BYTE3(@0)
                 	LDI  R23,BYTE4(@0)
                 	.ENDM
                 
                 	.MACRO __POINTW1FN
                 	LDI  R30,LOW(2*@0+(@1))
                 	LDI  R31,HIGH(2*@0+(@1))
                 	.ENDM
                 
                 	.MACRO __POINTD1FN
                 	LDI  R30,LOW(2*@0+(@1))
                 	LDI  R31,HIGH(2*@0+(@1))
                 	LDI  R22,BYTE3(2*@0+(@1))
                 	LDI  R23,BYTE4(2*@0+(@1))
                 	.ENDM
                 
                 	.MACRO __POINTB2MN
                 	LDI  R26,LOW(@0+(@1))
                 	.ENDM
                 
                 	.MACRO __POINTW2MN
                 	LDI  R26,LOW(@0+(@1))
                 	LDI  R27,HIGH(@0+(@1))
                 	.ENDM
                 
                 	.MACRO __POINTW2FN
                 	LDI  R26,LOW(2*@0+(@1))
                 	LDI  R27,HIGH(2*@0+(@1))
                 	.ENDM
                 
                 	.MACRO __POINTD2FN
                 	LDI  R26,LOW(2*@0+(@1))
                 	LDI  R27,HIGH(2*@0+(@1))
                 	LDI  R24,BYTE3(2*@0+(@1))
                 	LDI  R25,BYTE4(2*@0+(@1))
                 	.ENDM
                 
                 	.MACRO __POINTBRM
                 	LDI  R@0,LOW(@1)
                 	.ENDM
                 
                 	.MACRO __POINTWRM
                 	LDI  R@0,LOW(@2)
                 	LDI  R@1,HIGH(@2)
                 	.ENDM
                 
                 	.MACRO __POINTBRMN
                 	LDI  R@0,LOW(@1+(@2))
                 	.ENDM
                 
                 	.MACRO __POINTWRMN
                 	LDI  R@0,LOW(@2+(@3))
                 	LDI  R@1,HIGH(@2+(@3))
                 	.ENDM
                 
                 	.MACRO __POINTWRFN
                 	LDI  R@0,LOW(@2*2+(@3))
                 	LDI  R@1,HIGH(@2*2+(@3))
                 	.ENDM
                 
                 	.MACRO __GETD1N
                 	LDI  R30,LOW(@0)
                 	LDI  R31,HIGH(@0)
                 	LDI  R22,BYTE3(@0)
                 	LDI  R23,BYTE4(@0)
                 	.ENDM
                 
                 	.MACRO __GETD2N
                 	LDI  R26,LOW(@0)
                 	LDI  R27,HIGH(@0)
                 	LDI  R24,BYTE3(@0)
                 	LDI  R25,BYTE4(@0)
                 	.ENDM
                 
                 	.MACRO __GETB1MN
                 	LDS  R30,@0+(@1)
                 	.ENDM
                 
                 	.MACRO __GETB1HMN
                 	LDS  R31,@0+(@1)
                 	.ENDM
                 
                 	.MACRO __GETW1MN
                 	LDS  R30,@0+(@1)
                 	LDS  R31,@0+(@1)+1
                 	.ENDM
                 
                 	.MACRO __GETD1MN
                 	LDS  R30,@0+(@1)
                 	LDS  R31,@0+(@1)+1
                 	LDS  R22,@0+(@1)+2
                 	LDS  R23,@0+(@1)+3
                 	.ENDM
                 
                 	.MACRO __GETBRMN
                 	LDS  R@0,@1+(@2)
                 	.ENDM
                 
                 	.MACRO __GETWRMN
                 	LDS  R@0,@2+(@3)
                 	LDS  R@1,@2+(@3)+1
                 	.ENDM
                 
                 	.MACRO __GETWRZ
                 	LDD  R@0,Z+@2
                 	LDD  R@1,Z+@2+1
                 	.ENDM
                 
                 	.MACRO __GETD2Z
                 	LDD  R26,Z+@0
                 	LDD  R27,Z+@0+1
                 	LDD  R24,Z+@0+2
                 	LDD  R25,Z+@0+3
                 	.ENDM
                 
                 	.MACRO __GETB2MN
                 	LDS  R26,@0+(@1)
                 	.ENDM
                 
                 	.MACRO __GETW2MN
                 	LDS  R26,@0+(@1)
                 	LDS  R27,@0+(@1)+1
                 	.ENDM
                 
                 	.MACRO __GETD2MN
                 	LDS  R26,@0+(@1)
                 	LDS  R27,@0+(@1)+1
                 	LDS  R24,@0+(@1)+2
                 	LDS  R25,@0+(@1)+3
                 	.ENDM
                 
                 	.MACRO __PUTB1MN
                 	STS  @0+(@1),R30
                 	.ENDM
                 
                 	.MACRO __PUTW1MN
                 	STS  @0+(@1),R30
                 	STS  @0+(@1)+1,R31
                 	.ENDM
                 
                 	.MACRO __PUTD1MN
                 	STS  @0+(@1),R30
                 	STS  @0+(@1)+1,R31
                 	STS  @0+(@1)+2,R22
                 	STS  @0+(@1)+3,R23
                 	.ENDM
                 
                 	.MACRO __PUTB1EN
                 	LDI  R26,LOW(@0+(@1))
                 	LDI  R27,HIGH(@0+(@1))
                 	CALL __EEPROMWRB
                 	.ENDM
                 
                 	.MACRO __PUTW1EN
                 	LDI  R26,LOW(@0+(@1))
                 	LDI  R27,HIGH(@0+(@1))
                 	CALL __EEPROMWRW
                 	.ENDM
                 
                 	.MACRO __PUTD1EN
                 	LDI  R26,LOW(@0+(@1))
                 	LDI  R27,HIGH(@0+(@1))
                 	CALL __EEPROMWRD
                 	.ENDM
                 
                 	.MACRO __PUTBR0MN
                 	STS  @0+(@1),R0
                 	.ENDM
                 
                 	.MACRO __PUTBMRN
                 	STS  @0+(@1),R@2
                 	.ENDM
                 
                 	.MACRO __PUTWMRN
                 	STS  @0+(@1),R@2
                 	STS  @0+(@1)+1,R@3
                 	.ENDM
                 
                 	.MACRO __PUTBZR
                 	STD  Z+@1,R@0
                 	.ENDM
                 
                 	.MACRO __PUTWZR
                 	STD  Z+@2,R@0
                 	STD  Z+@2+1,R@1
                 	.ENDM
                 
                 	.MACRO __GETW1R
                 	MOV  R30,R@0
                 	MOV  R31,R@1
                 	.ENDM
                 
                 	.MACRO __GETW2R
                 	MOV  R26,R@0
                 	MOV  R27,R@1
                 	.ENDM
                 
                 	.MACRO __GETWRN
                 	LDI  R@0,LOW(@2)
                 	LDI  R@1,HIGH(@2)
                 	.ENDM
                 
                 	.MACRO __PUTW1R
                 	MOV  R@0,R30
                 	MOV  R@1,R31
                 	.ENDM
                 
                 	.MACRO __PUTW2R
                 	MOV  R@0,R26
                 	MOV  R@1,R27
                 	.ENDM
                 
                 	.MACRO __ADDWRN
                 	SUBI R@0,LOW(-@2)
                 	SBCI R@1,HIGH(-@2)
                 	.ENDM
                 
                 	.MACRO __ADDWRR
                 	ADD  R@0,R@2
                 	ADC  R@1,R@3
                 	.ENDM
                 
                 	.MACRO __SUBWRN
                 	SUBI R@0,LOW(@2)
                 	SBCI R@1,HIGH(@2)
                 	.ENDM
                 
                 	.MACRO __SUBWRR
                 	SUB  R@0,R@2
                 	SBC  R@1,R@3
                 	.ENDM
                 
                 	.MACRO __ANDWRN
                 	ANDI R@0,LOW(@2)
                 	ANDI R@1,HIGH(@2)
                 	.ENDM
                 
                 	.MACRO __ANDWRR
                 	AND  R@0,R@2
                 	AND  R@1,R@3
                 	.ENDM
                 
                 	.MACRO __ORWRN
                 	ORI  R@0,LOW(@2)
                 	ORI  R@1,HIGH(@2)
                 	.ENDM
                 
                 	.MACRO __ORWRR
                 	OR   R@0,R@2
                 	OR   R@1,R@3
                 	.ENDM
                 
                 	.MACRO __EORWRR
                 	EOR  R@0,R@2
                 	EOR  R@1,R@3
                 	.ENDM
                 
                 	.MACRO __GETWRS
                 	LDD  R@0,Y+@2
                 	LDD  R@1,Y+@2+1
                 	.ENDM
                 
                 	.MACRO __PUTBSR
                 	STD  Y+@1,R@0
                 	.ENDM
                 
                 	.MACRO __PUTWSR
                 	STD  Y+@2,R@0
                 	STD  Y+@2+1,R@1
                 	.ENDM
                 
                 	.MACRO __MOVEWRR
                 	MOV  R@0,R@2
                 	MOV  R@1,R@3
                 	.ENDM
                 
                 	.MACRO __INWR
                 	IN   R@0,@2
                 	IN   R@1,@2+1
                 	.ENDM
                 
                 	.MACRO __OUTWR
                 	OUT  @2+1,R@1
                 	OUT  @2,R@0
                 	.ENDM
                 
                 	.MACRO __CALL1MN
                 	LDS  R30,@0+(@1)
                 	LDS  R31,@0+(@1)+1
                 	ICALL
                 	.ENDM
                 
                 	.MACRO __CALL1FN
                 	LDI  R30,LOW(2*@0+(@1))
                 	LDI  R31,HIGH(2*@0+(@1))
                 	CALL __GETW1PF
                 	ICALL
                 	.ENDM
                 
                 	.MACRO __CALL2EN
                 	PUSH R26
                 	PUSH R27
                 	LDI  R26,LOW(@0+(@1))
                 	LDI  R27,HIGH(@0+(@1))
                 	CALL __EEPROMRDW
                 	POP  R27
                 	POP  R26
                 	ICALL
                 	.ENDM
                 
                 	.MACRO __CALL2EX
                 	SUBI R26,LOW(-@0)
                 	SBCI R27,HIGH(-@0)
                 	CALL __EEPROMRDD
                 	ICALL
                 	.ENDM
                 
                 	.MACRO __GETW1STACK
                 	IN   R30,SPL
                 	IN   R31,SPH
                 	ADIW R30,@0+1
                 	LD   R0,Z+
                 	LD   R31,Z
                 	MOV  R30,R0
                 	.ENDM
                 
                 	.MACRO __GETD1STACK
                 	IN   R30,SPL
                 	IN   R31,SPH
                 	ADIW R30,@0+1
                 	LD   R0,Z+
                 	LD   R1,Z+
                 	LD   R22,Z
                 	MOVW R30,R0
                 	.ENDM
                 
                 	.MACRO __NBST
                 	BST  R@0,@1
                 	IN   R30,SREG
                 	LDI  R31,0x40
                 	EOR  R30,R31
                 	OUT  SREG,R30
                 	.ENDM
                 
                 
                 	.MACRO __PUTB1SN
                 	LDD  R26,Y+@0
                 	LDD  R27,Y+@0+1
                 	SUBI R26,LOW(-@1)
                 	SBCI R27,HIGH(-@1)
                 	ST   X,R30
                 	.ENDM
                 
                 	.MACRO __PUTW1SN
                 	LDD  R26,Y+@0
                 	LDD  R27,Y+@0+1
                 	SUBI R26,LOW(-@1)
                 	SBCI R27,HIGH(-@1)
                 	ST   X+,R30
                 	ST   X,R31
                 	.ENDM
                 
                 	.MACRO __PUTD1SN
                 	LDD  R26,Y+@0
                 	LDD  R27,Y+@0+1
                 	SUBI R26,LOW(-@1)
                 	SBCI R27,HIGH(-@1)
                 	CALL __PUTDP1
                 	.ENDM
                 
                 	.MACRO __PUTB1SNS
                 	LDD  R26,Y+@0
                 	LDD  R27,Y+@0+1
                 	ADIW R26,@1
                 	ST   X,R30
                 	.ENDM
                 
                 	.MACRO __PUTW1SNS
                 	LDD  R26,Y+@0
                 	LDD  R27,Y+@0+1
                 	ADIW R26,@1
                 	ST   X+,R30
                 	ST   X,R31
                 	.ENDM
                 
                 	.MACRO __PUTD1SNS
                 	LDD  R26,Y+@0
                 	LDD  R27,Y+@0+1
                 	ADIW R26,@1
                 	CALL __PUTDP1
                 	.ENDM
                 
                 	.MACRO __PUTB1PMN
                 	LDS  R26,@0
                 	LDS  R27,@0+1
                 	SUBI R26,LOW(-@1)
                 	SBCI R27,HIGH(-@1)
                 	ST   X,R30
                 	.ENDM
                 
                 	.MACRO __PUTW1PMN
                 	LDS  R26,@0
                 	LDS  R27,@0+1
                 	SUBI R26,LOW(-@1)
                 	SBCI R27,HIGH(-@1)
                 	ST   X+,R30
                 	ST   X,R31
                 	.ENDM
                 
                 	.MACRO __PUTD1PMN
                 	LDS  R26,@0
                 	LDS  R27,@0+1
                 	SUBI R26,LOW(-@1)
                 	SBCI R27,HIGH(-@1)
                 	CALL __PUTDP1
                 	.ENDM
                 
                 	.MACRO __PUTB1PMNS
                 	LDS  R26,@0
                 	LDS  R27,@0+1
                 	ADIW R26,@1
                 	ST   X,R30
                 	.ENDM
                 
                 	.MACRO __PUTW1PMNS
                 	LDS  R26,@0
                 	LDS  R27,@0+1
                 	ADIW R26,@1
                 	ST   X+,R30
                 	ST   X,R31
                 	.ENDM
                 
                 	.MACRO __PUTD1PMNS
                 	LDS  R26,@0
                 	LDS  R27,@0+1
                 	ADIW R26,@1
                 	CALL __PUTDP1
                 	.ENDM
                 
                 	.MACRO __PUTB1RN
                 	MOVW R26,R@0
                 	SUBI R26,LOW(-@1)
                 	SBCI R27,HIGH(-@1)
                 	ST   X,R30
                 	.ENDM
                 
                 	.MACRO __PUTW1RN
                 	MOVW R26,R@0
                 	SUBI R26,LOW(-@1)
                 	SBCI R27,HIGH(-@1)
                 	ST   X+,R30
                 	ST   X,R31
                 	.ENDM
                 
                 	.MACRO __PUTD1RN
                 	MOVW R26,R@0
                 	SUBI R26,LOW(-@1)
                 	SBCI R27,HIGH(-@1)
                 	CALL __PUTDP1
                 	.ENDM
                 
                 	.MACRO __PUTB1RNS
                 	MOVW R26,R@0
                 	ADIW R26,@1
                 	ST   X,R30
                 	.ENDM
                 
                 	.MACRO __PUTW1RNS
                 	MOVW R26,R@0
                 	ADIW R26,@1
                 	ST   X+,R30
                 	ST   X,R31
                 	.ENDM
                 
                 	.MACRO __PUTD1RNS
                 	MOVW R26,R@0
                 	ADIW R26,@1
                 	CALL __PUTDP1
                 	.ENDM
                 
                 	.MACRO __PUTB1RON
                 	MOV  R26,R@0
                 	MOV  R27,R@1
                 	SUBI R26,LOW(-@2)
                 	SBCI R27,HIGH(-@2)
                 	ST   X,R30
                 	.ENDM
                 
                 	.MACRO __PUTW1RON
                 	MOV  R26,R@0
                 	MOV  R27,R@1
                 	SUBI R26,LOW(-@2)
                 	SBCI R27,HIGH(-@2)
                 	ST   X+,R30
                 	ST   X,R31
                 	.ENDM
                 
                 	.MACRO __PUTD1RON
                 	MOV  R26,R@0
                 	MOV  R27,R@1
                 	SUBI R26,LOW(-@2)
                 	SBCI R27,HIGH(-@2)
                 	CALL __PUTDP1
                 	.ENDM
                 
                 	.MACRO __PUTB1RONS
                 	MOV  R26,R@0
                 	MOV  R27,R@1
                 	ADIW R26,@2
                 	ST   X,R30
                 	.ENDM
                 
                 	.MACRO __PUTW1RONS
                 	MOV  R26,R@0
                 	MOV  R27,R@1
                 	ADIW R26,@2
                 	ST   X+,R30
                 	ST   X,R31
                 	.ENDM
                 
                 	.MACRO __PUTD1RONS
                 	MOV  R26,R@0
                 	MOV  R27,R@1
                 	ADIW R26,@2
                 	CALL __PUTDP1
                 	.ENDM
                 
                 
                 	.MACRO __GETB1SX
                 	MOVW R30,R28
                 	SUBI R30,LOW(-@0)
                 	SBCI R31,HIGH(-@0)
                 	LD   R30,Z
                 	.ENDM
                 
                 	.MACRO __GETB1HSX
                 	MOVW R30,R28
                 	SUBI R30,LOW(-@0)
                 	SBCI R31,HIGH(-@0)
                 	LD   R31,Z
                 	.ENDM
                 
                 	.MACRO __GETW1SX
                 	MOVW R30,R28
                 	SUBI R30,LOW(-@0)
                 	SBCI R31,HIGH(-@0)
                 	LD   R0,Z+
                 	LD   R31,Z
                 	MOV  R30,R0
                 	.ENDM
                 
                 	.MACRO __GETD1SX
                 	MOVW R30,R28
                 	SUBI R30,LOW(-@0)
                 	SBCI R31,HIGH(-@0)
                 	LD   R0,Z+
                 	LD   R1,Z+
                 	LD   R22,Z+
                 	LD   R23,Z
                 	MOVW R30,R0
                 	.ENDM
                 
                 	.MACRO __GETB2SX
                 	MOVW R26,R28
                 	SUBI R26,LOW(-@0)
                 	SBCI R27,HIGH(-@0)
                 	LD   R26,X
                 	.ENDM
                 
                 	.MACRO __GETW2SX
                 	MOVW R26,R28
                 	SUBI R26,LOW(-@0)
                 	SBCI R27,HIGH(-@0)
                 	LD   R0,X+
                 	LD   R27,X
                 	MOV  R26,R0
                 	.ENDM
                 
                 	.MACRO __GETD2SX
                 	MOVW R26,R28
                 	SUBI R26,LOW(-@0)
                 	SBCI R27,HIGH(-@0)
                 	LD   R0,X+
                 	LD   R1,X+
                 	LD   R24,X+
                 	LD   R25,X
                 	MOVW R26,R0
                 	.ENDM
                 
                 	.MACRO __GETBRSX
                 	MOVW R30,R28
                 	SUBI R30,LOW(-@1)
                 	SBCI R31,HIGH(-@1)
                 	LD   R@0,Z
                 	.ENDM
                 
                 	.MACRO __GETWRSX
                 	MOVW R30,R28
                 	SUBI R30,LOW(-@2)
                 	SBCI R31,HIGH(-@2)
                 	LD   R@0,Z+
                 	LD   R@1,Z
                 	.ENDM
                 
                 	.MACRO __GETBRSX2
                 	MOVW R26,R28
                 	SUBI R26,LOW(-@1)
                 	SBCI R27,HIGH(-@1)
                 	LD   R@0,X
                 	.ENDM
                 
                 	.MACRO __GETWRSX2
                 	MOVW R26,R28
                 	SUBI R26,LOW(-@2)
                 	SBCI R27,HIGH(-@2)
                 	LD   R@0,X+
                 	LD   R@1,X
                 	.ENDM
                 
                 	.MACRO __LSLW8SX
                 	MOVW R30,R28
                 	SUBI R30,LOW(-@0)
                 	SBCI R31,HIGH(-@0)
                 	LD   R31,Z
                 	CLR  R30
                 	.ENDM
                 
                 	.MACRO __PUTB1SX
                 	MOVW R26,R28
                 	SUBI R26,LOW(-@0)
                 	SBCI R27,HIGH(-@0)
                 	ST   X,R30
                 	.ENDM
                 
                 	.MACRO __PUTW1SX
                 	MOVW R26,R28
                 	SUBI R26,LOW(-@0)
                 	SBCI R27,HIGH(-@0)
                 	ST   X+,R30
                 	ST   X,R31
                 	.ENDM
                 
                 	.MACRO __PUTD1SX
                 	MOVW R26,R28
                 	SUBI R26,LOW(-@0)
                 	SBCI R27,HIGH(-@0)
                 	ST   X+,R30
                 	ST   X+,R31
                 	ST   X+,R22
                 	ST   X,R23
                 	.ENDM
                 
                 	.MACRO __CLRW1SX
                 	MOVW R26,R28
                 	SUBI R26,LOW(-@0)
                 	SBCI R27,HIGH(-@0)
                 	ST   X+,R30
                 	ST   X,R30
                 	.ENDM
                 
                 	.MACRO __CLRD1SX
                 	MOVW R26,R28
                 	SUBI R26,LOW(-@0)
                 	SBCI R27,HIGH(-@0)
                 	ST   X+,R30
                 	ST   X+,R30
                 	ST   X+,R30
                 	ST   X,R30
                 	.ENDM
                 
                 	.MACRO __PUTB2SX
                 	MOVW R30,R28
                 	SUBI R30,LOW(-@0)
                 	SBCI R31,HIGH(-@0)
                 	ST   Z,R26
                 	.ENDM
                 
                 	.MACRO __PUTW2SX
                 	MOVW R30,R28
                 	SUBI R30,LOW(-@0)
                 	SBCI R31,HIGH(-@0)
                 	ST   Z+,R26
                 	ST   Z,R27
                 	.ENDM
                 
                 	.MACRO __PUTD2SX
                 	MOVW R30,R28
                 	SUBI R30,LOW(-@0)
                 	SBCI R31,HIGH(-@0)
                 	ST   Z+,R26
                 	ST   Z+,R27
                 	ST   Z+,R24
                 	ST   Z,R25
                 	.ENDM
                 
                 	.MACRO __PUTBSRX
                 	MOVW R30,R28
                 	SUBI R30,LOW(-@1)
                 	SBCI R31,HIGH(-@1)
                 	ST   Z,R@0
                 	.ENDM
                 
                 	.MACRO __PUTWSRX
                 	MOVW R30,R28
                 	SUBI R30,LOW(-@2)
                 	SBCI R31,HIGH(-@2)
                 	ST   Z+,R@0
                 	ST   Z,R@1
                 	.ENDM
                 
                 	.MACRO __PUTB1SNX
                 	MOVW R26,R28
                 	SUBI R26,LOW(-@0)
                 	SBCI R27,HIGH(-@0)
                 	LD   R0,X+
                 	LD   R27,X
                 	MOV  R26,R0
                 	SUBI R26,LOW(-@1)
                 	SBCI R27,HIGH(-@1)
                 	ST   X,R30
                 	.ENDM
                 
                 	.MACRO __PUTW1SNX
                 	MOVW R26,R28
                 	SUBI R26,LOW(-@0)
                 	SBCI R27,HIGH(-@0)
                 	LD   R0,X+
                 	LD   R27,X
                 	MOV  R26,R0
                 	SUBI R26,LOW(-@1)
                 	SBCI R27,HIGH(-@1)
                 	ST   X+,R30
                 	ST   X,R31
                 	.ENDM
                 
                 	.MACRO __PUTD1SNX
                 	MOVW R26,R28
                 	SUBI R26,LOW(-@0)
                 	SBCI R27,HIGH(-@0)
                 	LD   R0,X+
                 	LD   R27,X
                 	MOV  R26,R0
                 	SUBI R26,LOW(-@1)
                 	SBCI R27,HIGH(-@1)
                 	ST   X+,R30
                 	ST   X+,R31
                 	ST   X+,R22
                 	ST   X,R23
                 	.ENDM
                 
                 	.MACRO __MULBRR
                 	MULS R@0,R@1
                 	MOVW R30,R0
                 	.ENDM
                 
                 	.MACRO __MULBRRU
                 	MUL  R@0,R@1
                 	MOVW R30,R0
                 	.ENDM
                 
                 	.MACRO __MULBRR0
                 	MULS R@0,R@1
                 	.ENDM
                 
                 	.MACRO __MULBRRU0
                 	MUL  R@0,R@1
                 	.ENDM
                 
                 	.MACRO __MULBNWRU
                 	LDI  R26,@2
                 	MUL  R26,R@0
                 	MOVW R30,R0
                 	MUL  R26,R@1
                 	ADD  R31,R0
                 	.ENDM
                 
                 	.CSEG
                 	.ORG 0x00
                 
                 ;START OF CODE MARKER
                 __START_OF_CODE:
                 
                 ;INTERRUPT VECTORS
000000 940c 0044 	JMP  __RESET
000002 940c 0000 	JMP  0x00
000004 940c 0000 	JMP  0x00
000006 940c 0000 	JMP  0x00
000008 940c 00b1 	JMP  _timer2_ovf_isr
00000a 940c 0000 	JMP  0x00
00000c 940c 0000 	JMP  0x00
00000e 940c 0000 	JMP  0x00
000010 940c 0000 	JMP  0x00
000012 940c 0071 	JMP  _timer0_ovf_isr
000014 940c 0000 	JMP  0x00
000016 940c 0000 	JMP  0x00
000018 940c 0000 	JMP  0x00
00001a 940c 0000 	JMP  0x00
00001c 940c 0000 	JMP  0x00
00001e 940c 0000 	JMP  0x00
000020 940c 0000 	JMP  0x00
000022 940c 0000 	JMP  0x00
000024 940c 0000 	JMP  0x00
000026 940c 0000 	JMP  0x00
000028 940c 0000 	JMP  0x00
                 
                 _seg:
00002a 063f
00002b 4f5b
00002c 6d66
00002d 077d      	.DB  0x3F,0x6,0x5B,0x4F,0x66,0x6D,0x7D,0x7
00002e 6f7f      	.DB  0x7F,0x6F
                 _outA:
00002f 2221
000030 140c      	.DB  0x21,0x22,0xC,0x14
                 _outB:
000031 2221
000032 140c      	.DB  0x21,0x22,0xC,0x14
                 
                 ;REGISTER BIT VARIABLES INITIALIZATION
                 __REG_BIT_VARS:
000033 0000      	.DW  0x0000
                 
                 _0x3:
D:\uni courses\microprossesor\LastProject\test with timer2\Debug\List\traffic_light_project.asm(1129): warning: .cseg .db misalignment - padding zero byte
000034 001e      	.DB  0x1E
                 _0x4:
D:\uni courses\microprossesor\LastProject\test with timer2\Debug\List\traffic_light_project.asm(1131): warning: .cseg .db misalignment - padding zero byte
000035 001e      	.DB  0x1E
                 _0x5:
D:\uni courses\microprossesor\LastProject\test with timer2\Debug\List\traffic_light_project.asm(1133): warning: .cseg .db misalignment - padding zero byte
000036 0023      	.DB  0x23
                 
                 __GLOBAL_INI_TBL:
000037 0001      	.DW  0x01
000038 0002      	.DW  0x02
000039 0066      	.DW  __REG_BIT_VARS*2
                 
00003a 0001      	.DW  0x01
00003b 0161      	.DW  _timer
00003c 0068      	.DW  _0x3*2
                 
00003d 0001      	.DW  0x01
00003e 0162      	.DW  _ns_value
00003f 006a      	.DW  _0x4*2
                 
000040 0001      	.DW  0x01
000041 0163      	.DW  _we_value
000042 006c      	.DW  _0x5*2
                 
                 _0xFFFFFFFF:
000043 0000      	.DW  0
                 
                 #define __GLOBAL_INI_TBL_PRESENT 1
                 
                 __RESET:
000044 94f8      	CLI
000045 27ee      	CLR  R30
000046 bbec      	OUT  EECR,R30
                 
                 ;INTERRUPT VECTORS ARE PLACED
                 ;AT THE START OF FLASH
000047 e0f1      	LDI  R31,1
000048 bffb      	OUT  GICR,R31
000049 bfeb      	OUT  GICR,R30
00004a bfe5      	OUT  MCUCR,R30
                 
                 ;CLEAR R2-R14
00004b e08d      	LDI  R24,(14-2)+1
00004c e0a2      	LDI  R26,2
00004d 27bb      	CLR  R27
                 __CLEAR_REG:
00004e 93ed      	ST   X+,R30
00004f 958a      	DEC  R24
000050 f7e9      	BRNE __CLEAR_REG
                 
                 ;CLEAR SRAM
000051 e080      	LDI  R24,LOW(__CLEAR_SRAM_SIZE)
000052 e094      	LDI  R25,HIGH(__CLEAR_SRAM_SIZE)
000053 e6a0      	LDI  R26,__SRAM_START
                 __CLEAR_SRAM:
000054 93ed      	ST   X+,R30
000055 9701      	SBIW R24,1
000056 f7e9      	BRNE __CLEAR_SRAM
                 
                 ;GLOBAL VARIABLES INITIALIZATION
000057 e6ee      	LDI  R30,LOW(__GLOBAL_INI_TBL*2)
000058 e0f0      	LDI  R31,HIGH(__GLOBAL_INI_TBL*2)
                 __GLOBAL_INI_NEXT:
000059 9185      	LPM  R24,Z+
00005a 9195      	LPM  R25,Z+
00005b 9700      	SBIW R24,0
00005c f061      	BREQ __GLOBAL_INI_END
00005d 91a5      	LPM  R26,Z+
00005e 91b5      	LPM  R27,Z+
00005f 9005      	LPM  R0,Z+
000060 9015      	LPM  R1,Z+
000061 01bf      	MOVW R22,R30
000062 01f0      	MOVW R30,R0
                 __GLOBAL_INI_LOOP:
000063 9005      	LPM  R0,Z+
000064 920d      	ST   X+,R0
000065 9701      	SBIW R24,1
000066 f7e1      	BRNE __GLOBAL_INI_LOOP
000067 01fb      	MOVW R30,R22
000068 cff0      	RJMP __GLOBAL_INI_NEXT
                 __GLOBAL_INI_END:
                 
                 ;HARDWARE STACK POINTER INITIALIZATION
000069 e5ef      	LDI  R30,LOW(__SRAM_END-__HEAP_SIZE)
00006a bfed      	OUT  SPL,R30
00006b e0e4      	LDI  R30,HIGH(__SRAM_END-__HEAP_SIZE)
00006c bfee      	OUT  SPH,R30
                 
                 ;DATA STACK POINTER INITIALIZATION
00006d e6c0      	LDI  R28,LOW(__SRAM_START+__DSTACK_SIZE)
00006e e0d1      	LDI  R29,HIGH(__SRAM_START+__DSTACK_SIZE)
                 
00006f 940c 00d8 	JMP  _main
                 
                 	.ESEG
                 	.ORG 0
                 
                 	.DSEG
                 	.ORG 0x160
                 
                 	.CSEG
                 ;/*******************************************************
                 ;This program was created by the
                 ;CodeWizardAVR V3.14 Advanced
                 ;Automatic Program Generator
                 ;© Copyright 1998-2014 Pavel Haiduc, HP InfoTech s.r.l.
                 ;http://www.hpinfotech.com
                 ;
                 ;Project : trsffic light
                 ;Version : 3
                 ;Date    : 6/2/2026
                 ;Author  : nazanin ghobadi
                 ;Company : team jahat
                 ;Comments:
                 ;
                 ;
                 ;Chip type               : ATmega16
                 ;Program type            : Application
                 ;AVR Core Clock frequency: 1.000000 MHz
                 ;Memory model            : Small
                 ;External RAM size       : 0
                 ;Data Stack size         : 256
                 ;*******************************************************/
                 ;#include <mega16.h>
                 	#ifndef __SLEEP_DEFINED__
                 	#define __SLEEP_DEFINED__
                 	.EQU __se_bit=0x40
                 	.EQU __sm_mask=0xB0
                 	.EQU __sm_powerdown=0x20
                 	.EQU __sm_powersave=0x30
                 	.EQU __sm_standby=0xA0
                 	.EQU __sm_ext_standby=0xB0
                 	.EQU __sm_adc_noise_red=0x10
                 	.SET power_ctrl_reg=mcucr
                 	#endif
                 ;
                 ;//================ 7SEG DATA =================
                 ;// COMMON ANODE
                 ;
                 ;flash unsigned char seg[10] =
                 ;{
                 ;    0b00111111, //0
                 ;    0b00000110, //1
                 ;    0b01011011, //2
                 ;    0b01001111, //3
                 ;    0b01100110, //4
                 ;    0b01101101, //5
                 ;    0b01111101, //6
                 ;    0b00000111, //7
                 ;    0b01111111, //8
                 ;    0b01101111  //9
                 ;};
                 ;
                 ;//================ STATES =================
                 ;
                 ;#define NS_GREEN   0
                 ;#define NS_YELLOW  1
                 ;#define WE_GREEN   2
                 ;#define WE_YELLOW  3
                 ;
                 ;//================ VARIABLES =================
                 ;
                 ;volatile unsigned char state = NS_GREEN;
                 ;volatile unsigned char timer = 30;
                 
                 	.DSEG
                 ;
                 ;volatile unsigned char ns_value = 30;
                 ;volatile unsigned char we_value = 35;
                 ;
                 ;volatile unsigned char digit_select = 0;
                 ;
                 ;volatile bit sec_flag = 0;
                 ;
                 ;//================ LIGHT OUTPUTS =================
                 ;// SAME AS YOUR OLD CODE
                 ;
                 ;flash unsigned char outA[4] =
                 ;{
                 ;    0b00100001,
                 ;    0b00100010,
                 ;    0b00001100,
                 ;    0b00010100
                 ;};
                 ;
                 ;flash unsigned char outB[4] =
                 ;{
                 ;    0b00100001,
                 ;    0b00100010,
                 ;    0b00001100,
                 ;    0b00010100
                 ;};
                 ;
                 ;//================ TIMER0 =================
                 ;// 7SEG MULTIPLEX
                 ;
                 ;interrupt [TIM0_OVF] void timer0_ovf_isr(void)
                 ; 0000 0054 {
                 
                 	.CSEG
                 _timer0_ovf_isr:
                 ; .FSTART _timer0_ovf_isr
000071 920a      	ST   -Y,R0
000072 921a      	ST   -Y,R1
000073 939a      	ST   -Y,R25
000074 93aa      	ST   -Y,R26
000075 93ba      	ST   -Y,R27
000076 93ea      	ST   -Y,R30
000077 93fa      	ST   -Y,R31
000078 b7ef      	IN   R30,SREG
000079 93ea      	ST   -Y,R30
                 ; 0000 0055     PORTC = 0x00;   // all digits off
00007a e0e0      	LDI  R30,LOW(0)
00007b bbe5      	OUT  0x15,R30
                 ; 0000 0056     PORTD = 0xFF;
00007c efef      	LDI  R30,LOW(255)
00007d bbe2      	OUT  0x12,R30
                 ; 0000 0057 
                 ; 0000 0058     // NS TENS
                 ; 0000 0059     if(digit_select == 0)
00007e 91e0 0164 	LDS  R30,_digit_select
000080 30e0      	CPI  R30,0
000081 f439      	BRNE _0x6
                 ; 0000 005A     {
                 ; 0000 005B         PORTC = 1;
000082 e0e1      	LDI  R30,LOW(1)
000083 bbe5      	OUT  0x15,R30
                 ; 0000 005C         PORTD = ~seg[ns_value / 10];
000084 91a0 0162 	LDS  R26,_ns_value
000086 d0a0      	RCALL SUBOPT_0x0
                 ; 0000 005D 
                 ; 0000 005E         digit_select = 1;
000087 e0e1      	LDI  R30,LOW(1)
000088 c01c      	RJMP _0x21
                 ; 0000 005F     }
                 ; 0000 0060 
                 ; 0000 0061     // NS ONES
                 ; 0000 0062     else if(digit_select == 1)
                 _0x6:
000089 91a0 0164 	LDS  R26,_digit_select
00008b 30a1      	CPI  R26,LOW(0x1)
00008c f439      	BRNE _0x8
                 ; 0000 0063     {
                 ; 0000 0064         PORTC = 2;
00008d e0e2      	LDI  R30,LOW(2)
00008e bbe5      	OUT  0x15,R30
                 ; 0000 0065         PORTD = ~seg[ns_value % 10];
00008f 91a0 0162 	LDS  R26,_ns_value
000091 d0a0      	RCALL SUBOPT_0x1
                 ; 0000 0066 
                 ; 0000 0067         digit_select = 2;
000092 e0e2      	LDI  R30,LOW(2)
000093 c011      	RJMP _0x21
                 ; 0000 0068     }
                 ; 0000 0069 
                 ; 0000 006A     // WE TENS
                 ; 0000 006B     else if(digit_select == 2)
                 _0x8:
000094 91a0 0164 	LDS  R26,_digit_select
000096 30a2      	CPI  R26,LOW(0x2)
000097 f439      	BRNE _0xA
                 ; 0000 006C     {
                 ; 0000 006D         PORTC = 4;
000098 e0e4      	LDI  R30,LOW(4)
000099 bbe5      	OUT  0x15,R30
                 ; 0000 006E         PORTD = ~seg[we_value / 10];
00009a 91a0 0163 	LDS  R26,_we_value
00009c d08a      	RCALL SUBOPT_0x0
                 ; 0000 006F 
                 ; 0000 0070         digit_select = 3;
00009d e0e3      	LDI  R30,LOW(3)
00009e c006      	RJMP _0x21
                 ; 0000 0071     }
                 ; 0000 0072 
                 ; 0000 0073     // WE ONES
                 ; 0000 0074     else
                 _0xA:
                 ; 0000 0075     {
                 ; 0000 0076         PORTC = 8;
00009f e0e8      	LDI  R30,LOW(8)
0000a0 bbe5      	OUT  0x15,R30
                 ; 0000 0077         PORTD = ~seg[we_value % 10];
0000a1 91a0 0163 	LDS  R26,_we_value
0000a3 d08e      	RCALL SUBOPT_0x1
                 ; 0000 0078 
                 ; 0000 0079         digit_select = 0;
0000a4 e0e0      	LDI  R30,LOW(0)
                 _0x21:
0000a5 93e0 0164 	STS  _digit_select,R30
                 ; 0000 007A     }
                 ; 0000 007B }
0000a7 91e9      	LD   R30,Y+
0000a8 bfef      	OUT  SREG,R30
0000a9 91f9      	LD   R31,Y+
0000aa 91e9      	LD   R30,Y+
0000ab 91b9      	LD   R27,Y+
0000ac 91a9      	LD   R26,Y+
0000ad 9199      	LD   R25,Y+
0000ae 9019      	LD   R1,Y+
0000af 9009      	LD   R0,Y+
0000b0 9518      	RETI
                 ; .FEND
                 ;//================ TIMER2 =================
                 ;// 1 SECOND
                 ;
                 ;interrupt [TIM2_OVF] void timer2_ovf_isr(void)
                 ; 0000 0080 {
                 _timer2_ovf_isr:
                 ; .FSTART _timer2_ovf_isr
0000b1 93ea      	ST   -Y,R30
0000b2 b7ef      	IN   R30,SREG
                 ; 0000 0081     sec_flag = 1;
0000b3 9468      	SET
0000b4 f820      	BLD  R2,0
                 ; 0000 0082 }
0000b5 bfef      	OUT  SREG,R30
0000b6 91e9      	LD   R30,Y+
0000b7 9518      	RETI
                 ; .FEND
                 ;
                 ;//================ DISPLAY UPDATE =================
                 ;
                 ;void update_display(void)
                 ; 0000 0087 {
                 _update_display:
                 ; .FSTART _update_display
                 ; 0000 0088     if(state == NS_GREEN)
0000b8 91e0 0160 	LDS  R30,_state
0000ba 30e0      	CPI  R30,0
0000bb f429      	BRNE _0xC
                 ; 0000 0089     {
                 ; 0000 008A         ns_value = timer;
0000bc d080      	RCALL SUBOPT_0x2
                 ; 0000 008B         we_value = timer + 5;
0000bd 5feb      	SUBI R30,-LOW(5)
0000be 93e0 0163 	STS  _we_value,R30
                 ; 0000 008C     }
                 ; 0000 008D 
                 ; 0000 008E     else if(state == NS_YELLOW)
0000c0 c016      	RJMP _0xD
                 _0xC:
0000c1 91a0 0160 	LDS  R26,_state
0000c3 30a1      	CPI  R26,LOW(0x1)
0000c4 f421      	BRNE _0xE
                 ; 0000 008F     {
                 ; 0000 0090         ns_value = timer;
0000c5 d077      	RCALL SUBOPT_0x2
                 ; 0000 0091         we_value = timer;
0000c6 93e0 0163 	STS  _we_value,R30
                 ; 0000 0092     }
                 ; 0000 0093 
                 ; 0000 0094     else if(state == WE_GREEN)
0000c8 c00e      	RJMP _0xF
                 _0xE:
0000c9 91a0 0160 	LDS  R26,_state
0000cb 30a2      	CPI  R26,LOW(0x2)
0000cc f419      	BRNE _0x10
                 ; 0000 0095     {
                 ; 0000 0096         we_value = timer;
0000cd d076      	RCALL SUBOPT_0x3
                 ; 0000 0097         ns_value = timer + 5;
0000ce 5feb      	SUBI R30,-LOW(5)
0000cf c005      	RJMP _0x22
                 ; 0000 0098     }
                 ; 0000 0099 
                 ; 0000 009A     else if(state == WE_YELLOW)
                 _0x10:
0000d0 91a0 0160 	LDS  R26,_state
0000d2 30a3      	CPI  R26,LOW(0x3)
0000d3 f419      	BRNE _0x12
                 ; 0000 009B     {
                 ; 0000 009C         we_value = timer;
0000d4 d06f      	RCALL SUBOPT_0x3
                 ; 0000 009D         ns_value = timer;
                 _0x22:
0000d5 93e0 0162 	STS  _ns_value,R30
                 ; 0000 009E     }
                 ; 0000 009F }
                 _0x12:
                 _0xF:
                 _0xD:
0000d7 9508      	RET
                 ; .FEND
                 ;
                 ;//================ MAIN =================
                 ;
                 ;void main(void)
                 ; 0000 00A4 {
                 _main:
                 ; .FSTART _main
                 ; 0000 00A5     // LEDS
                 ; 0000 00A6     DDRA = 0x3F;
0000d8 e3ef      	LDI  R30,LOW(63)
0000d9 bbea      	OUT  0x1A,R30
                 ; 0000 00A7     DDRB = 0x3F;
0000da bbe7      	OUT  0x17,R30
                 ; 0000 00A8 
                 ; 0000 00A9     // digit_select_select SELECT
                 ; 0000 00AA     DDRC = 0x0F;
0000db e0ef      	LDI  R30,LOW(15)
0000dc bbe4      	OUT  0x14,R30
                 ; 0000 00AB 
                 ; 0000 00AC     // SEGMENTS
                 ; 0000 00AD     DDRD = 0xFF;
0000dd efef      	LDI  R30,LOW(255)
0000de bbe1      	OUT  0x11,R30
                 ; 0000 00AE 
                 ; 0000 00AF     // INITIAL VALUES
                 ; 0000 00B0     PORTC = 0x0F;
0000df e0ef      	LDI  R30,LOW(15)
0000e0 bbe5      	OUT  0x15,R30
                 ; 0000 00B1     PORTD = 0xFF;
0000e1 efef      	LDI  R30,LOW(255)
0000e2 bbe2      	OUT  0x12,R30
                 ; 0000 00B2 
                 ; 0000 00B3     // INITIAL LIGHTS
                 ; 0000 00B4     PORTA = outA[state];
0000e3 d067      	RCALL SUBOPT_0x4
                 ; 0000 00B5     PORTB = outB[state];
                 ; 0000 00B6 
                 ; 0000 00B7     //================ TIMER0 =================
                 ; 0000 00B8 
                 ; 0000 00B9     // PRESCALER = 8
                 ; 0000 00BA     // FOR MULTIPLEX
                 ; 0000 00BB 
                 ; 0000 00BC     TCCR0 = (1<<CS01);
0000e4 e0e2      	LDI  R30,LOW(2)
0000e5 bfe3      	OUT  0x33,R30
                 ; 0000 00BD 
                 ; 0000 00BE     TCNT0 = 0;
0000e6 e0e0      	LDI  R30,LOW(0)
0000e7 bfe2      	OUT  0x32,R30
                 ; 0000 00BF 
                 ; 0000 00C0     //================ TIMER2 =================
                 ; 0000 00C1 
                 ; 0000 00C2     // 32.768kHz CRYSTAL
                 ; 0000 00C3     // OVERFLOW EACH 1 SECOND
                 ; 0000 00C4 
                 ; 0000 00C5     ASSR = (1<<AS2);
0000e8 e0e8      	LDI  R30,LOW(8)
0000e9 bde2      	OUT  0x22,R30
                 ; 0000 00C6 
                 ; 0000 00C7     TCCR2 =
                 ; 0000 00C8         (1<<CS22) |
                 ; 0000 00C9         (0<<CS21) |
                 ; 0000 00CA         (1<<CS20);
0000ea e0e5      	LDI  R30,LOW(5)
0000eb bde5      	OUT  0x25,R30
                 ; 0000 00CB 
                 ; 0000 00CC     TCNT2 = 0;
0000ec e0e0      	LDI  R30,LOW(0)
0000ed bde4      	OUT  0x24,R30
                 ; 0000 00CD 
                 ; 0000 00CE     //================ INTERRUPTS =================
                 ; 0000 00CF 
                 ; 0000 00D0     TIMSK =
                 ; 0000 00D1         (1<<TOIE0) |
                 ; 0000 00D2         (1<<TOIE2);
0000ee e4e1      	LDI  R30,LOW(65)
0000ef bfe9      	OUT  0x39,R30
                 ; 0000 00D3 
                 ; 0000 00D4     #asm("sei")
0000f0 9478      	sei
                 ; 0000 00D5 
                 ; 0000 00D6     // FIRST DISPLAY UPDATE
                 ; 0000 00D7     update_display();
0000f1 dfc6      	RCALL _update_display
                 ; 0000 00D8 
                 ; 0000 00D9     while(1)
                 _0x13:
                 ; 0000 00DA     {
                 ; 0000 00DB         if(sec_flag)
0000f2 fe20      	SBRS R2,0
0000f3 c031      	RJMP _0x16
                 ; 0000 00DC         {
                 ; 0000 00DD             sec_flag = 0;
0000f4 94e8      	CLT
0000f5 f820      	BLD  R2,0
                 ; 0000 00DE 
                 ; 0000 00DF             if(timer > 0)
0000f6 91a0 0161 	LDS  R26,_timer
0000f8 30a1      	CPI  R26,LOW(0x1)
0000f9 f030      	BRLO _0x17
                 ; 0000 00E0             {
                 ; 0000 00E1                 timer--;
0000fa 91e0 0161 	LDS  R30,_timer
0000fc 50e1      	SUBI R30,LOW(1)
0000fd 93e0 0161 	STS  _timer,R30
                 ; 0000 00E2             }
                 ; 0000 00E3             else
0000ff c024      	RJMP _0x18
                 _0x17:
                 ; 0000 00E4             {
                 ; 0000 00E5                 switch(state)
000100 91e0 0160 	LDS  R30,_state
000102 e0f0      	LDI  R31,0
                 ; 0000 00E6                 {
                 ; 0000 00E7                     case NS_GREEN:
000103 9730      	SBIW R30,0
000104 f429      	BRNE _0x1C
                 ; 0000 00E8 
                 ; 0000 00E9                         state = NS_YELLOW;
000105 e0e1      	LDI  R30,LOW(1)
000106 93e0 0160 	STS  _state,R30
                 ; 0000 00EA                         timer = 5;
000108 e0e5      	LDI  R30,LOW(5)
000109 c017      	RJMP _0x23
                 ; 0000 00EB 
                 ; 0000 00EC                     break;
                 ; 0000 00ED 
                 ; 0000 00EE                     case NS_YELLOW:
                 _0x1C:
00010a 30e1      	CPI  R30,LOW(0x1)
00010b e0a0      	LDI  R26,HIGH(0x1)
00010c 07fa      	CPC  R31,R26
00010d f411      	BRNE _0x1D
                 ; 0000 00EF 
                 ; 0000 00F0                         state = WE_GREEN;
00010e e0e2      	LDI  R30,LOW(2)
00010f c00e      	RJMP _0x24
                 ; 0000 00F1                         timer = 30;
                 ; 0000 00F2 
                 ; 0000 00F3                     break;
                 ; 0000 00F4 
                 ; 0000 00F5                     case WE_GREEN:
                 _0x1D:
000110 30e2      	CPI  R30,LOW(0x2)
000111 e0a0      	LDI  R26,HIGH(0x2)
000112 07fa      	CPC  R31,R26
000113 f429      	BRNE _0x1E
                 ; 0000 00F6 
                 ; 0000 00F7                         state = WE_YELLOW;
000114 e0e3      	LDI  R30,LOW(3)
000115 93e0 0160 	STS  _state,R30
                 ; 0000 00F8                         timer = 5;
000117 e0e5      	LDI  R30,LOW(5)
000118 c008      	RJMP _0x23
                 ; 0000 00F9 
                 ; 0000 00FA                     break;
                 ; 0000 00FB 
                 ; 0000 00FC                     case WE_YELLOW:
                 _0x1E:
000119 30e3      	CPI  R30,LOW(0x3)
00011a e0a0      	LDI  R26,HIGH(0x3)
00011b 07fa      	CPC  R31,R26
00011c f431      	BRNE _0x1B
                 ; 0000 00FD 
                 ; 0000 00FE                         state = NS_GREEN;
00011d e0e0      	LDI  R30,LOW(0)
                 _0x24:
00011e 93e0 0160 	STS  _state,R30
                 ; 0000 00FF                         timer = 30;
000120 e1ee      	LDI  R30,LOW(30)
                 _0x23:
000121 93e0 0161 	STS  _timer,R30
                 ; 0000 0100 
                 ; 0000 0101                     break;
                 ; 0000 0102                 }
                 _0x1B:
                 ; 0000 0103 
                 ; 0000 0104                 PORTA = outA[state];
000123 d027      	RCALL SUBOPT_0x4
                 ; 0000 0105                 PORTB = outB[state];
                 ; 0000 0106             }
                 _0x18:
                 ; 0000 0107 
                 ; 0000 0108             update_display();
000124 df93      	RCALL _update_display
                 ; 0000 0109         }
                 ; 0000 010A     }
                 _0x16:
000125 cfcc      	RJMP _0x13
                 ; 0000 010B }
                 _0x20:
000126 cfff      	RJMP _0x20
                 ; .FEND
                 
                 	.DSEG
                 _state:
000160           	.BYTE 0x1
                 _timer:
000161           	.BYTE 0x1
                 _ns_value:
000162           	.BYTE 0x1
                 _we_value:
000163           	.BYTE 0x1
                 _digit_select:
000164           	.BYTE 0x1
                 
                 	.CSEG
                 ;OPTIMIZER ADDED SUBROUTINE, CALLED 2 TIMES, CODE SIZE REDUCTION:5 WORDS
                 SUBOPT_0x0:
000127 e0b0      	LDI  R27,0
000128 e0ea      	LDI  R30,LOW(10)
000129 e0f0      	LDI  R31,HIGH(10)
00012a 940e 0171 	CALL __DIVW21
00012c 5aec      	SUBI R30,LOW(-_seg*2)
00012d 4fff      	SBCI R31,HIGH(-_seg*2)
00012e 91e4      	LPM  R30,Z
00012f 95e0      	COM  R30
000130 bbe2      	OUT  0x12,R30
000131 9508      	RET
                 
                 ;OPTIMIZER ADDED SUBROUTINE, CALLED 2 TIMES, CODE SIZE REDUCTION:5 WORDS
                 SUBOPT_0x1:
000132 27bb      	CLR  R27
000133 e0ea      	LDI  R30,LOW(10)
000134 e0f0      	LDI  R31,HIGH(10)
000135 940e 0176 	CALL __MODW21
000137 5aec      	SUBI R30,LOW(-_seg*2)
000138 4fff      	SBCI R31,HIGH(-_seg*2)
000139 91e4      	LPM  R30,Z
00013a 95e0      	COM  R30
00013b bbe2      	OUT  0x12,R30
00013c 9508      	RET
                 
                 ;OPTIMIZER ADDED SUBROUTINE, CALLED 2 TIMES, CODE SIZE REDUCTION:1 WORDS
                 SUBOPT_0x2:
00013d 91e0 0161 	LDS  R30,_timer
00013f 93e0 0162 	STS  _ns_value,R30
000141 91e0 0161 	LDS  R30,_timer
000143 9508      	RET
                 
                 ;OPTIMIZER ADDED SUBROUTINE, CALLED 2 TIMES, CODE SIZE REDUCTION:1 WORDS
                 SUBOPT_0x3:
000144 91e0 0161 	LDS  R30,_timer
000146 93e0 0163 	STS  _we_value,R30
000148 91e0 0161 	LDS  R30,_timer
00014a 9508      	RET
                 
                 ;OPTIMIZER ADDED SUBROUTINE, CALLED 2 TIMES, CODE SIZE REDUCTION:9 WORDS
                 SUBOPT_0x4:
00014b 91e0 0160 	LDS  R30,_state
00014d e0f0      	LDI  R31,0
00014e 5ae2      	SUBI R30,LOW(-_outA*2)
00014f 4fff      	SBCI R31,HIGH(-_outA*2)
000150 9004      	LPM  R0,Z
000151 ba0b      	OUT  0x1B,R0
000152 91e0 0160 	LDS  R30,_state
000154 e0f0      	LDI  R31,0
000155 59ee      	SUBI R30,LOW(-_outB*2)
000156 4fff      	SBCI R31,HIGH(-_outB*2)
000157 9004      	LPM  R0,Z
000158 ba08      	OUT  0x18,R0
000159 9508      	RET
                 
                 
                 	.CSEG
                 __ANEGW1:
00015a 95f1      	NEG  R31
00015b 95e1      	NEG  R30
00015c 40f0      	SBCI R31,0
00015d 9508      	RET
                 
                 __DIVW21U:
00015e 2400      	CLR  R0
00015f 2411      	CLR  R1
000160 e190      	LDI  R25,16
                 __DIVW21U1:
000161 0faa      	LSL  R26
000162 1fbb      	ROL  R27
000163 1c00      	ROL  R0
000164 1c11      	ROL  R1
000165 1a0e      	SUB  R0,R30
000166 0a1f      	SBC  R1,R31
000167 f418      	BRCC __DIVW21U2
000168 0e0e      	ADD  R0,R30
000169 1e1f      	ADC  R1,R31
00016a c001      	RJMP __DIVW21U3
                 __DIVW21U2:
00016b 60a1      	SBR  R26,1
                 __DIVW21U3:
00016c 959a      	DEC  R25
00016d f799      	BRNE __DIVW21U1
00016e 01fd      	MOVW R30,R26
00016f 01d0      	MOVW R26,R0
000170 9508      	RET
                 
                 __DIVW21:
000171 d012      	RCALL __CHKSIGNW
000172 dfeb      	RCALL __DIVW21U
000173 f40e      	BRTC __DIVW211
000174 dfe5      	RCALL __ANEGW1
                 __DIVW211:
000175 9508      	RET
                 
                 __MODW21:
000176 94e8      	CLT
000177 ffb7      	SBRS R27,7
000178 c004      	RJMP __MODW211
000179 95a0      	COM  R26
00017a 95b0      	COM  R27
00017b 9611      	ADIW R26,1
00017c 9468      	SET
                 __MODW211:
00017d fdf7      	SBRC R31,7
00017e dfdb      	RCALL __ANEGW1
00017f dfde      	RCALL __DIVW21U
000180 01fd      	MOVW R30,R26
000181 f40e      	BRTC __MODW212
000182 dfd7      	RCALL __ANEGW1
                 __MODW212:
000183 9508      	RET
                 
                 __CHKSIGNW:
000184 94e8      	CLT
000185 fff7      	SBRS R31,7
000186 c002      	RJMP __CHKSW1
000187 dfd2      	RCALL __ANEGW1
000188 9468      	SET
                 __CHKSW1:
000189 ffb7      	SBRS R27,7
00018a c006      	RJMP __CHKSW2
00018b 95a0      	COM  R26
00018c 95b0      	COM  R27
00018d 9611      	ADIW R26,1
00018e f800      	BLD  R0,0
00018f 9403      	INC  R0
000190 fa00      	BST  R0,0
                 __CHKSW2:
000191 9508      	RET
                 
                 ;END OF CODE MARKER
                 __END_OF_CODE:


RESOURCE USE INFORMATION
------------------------

Notice:
The register and instruction counts are symbol table hit counts,
and hence implicitly used resources are not counted, eg, the
'lpm' instruction without operands implicitly uses r0 and z,
none of which are counted.

x,y,z are separate entities in the symbol table and are
counted separately from r26..r31 here.

.dseg memory usage only counts static data declared with .byte

ATmega16 register use summary:
r0 :  18 r1 :   7 r2 :   3 r3 :   0 r4 :   0 r5 :   0 r6 :   0 r7 :   0 
r8 :   0 r9 :   0 r10:   0 r11:   0 r12:   0 r13:   0 r14:   0 r15:   0 
r16:   0 r17:   0 r18:   0 r19:   0 r20:   0 r21:   0 r22:   2 r23:   0 
r24:   7 r25:   6 r26:  36 r27:  11 r28:   1 r29:   1 r30: 117 r31:  23 
x  :   3 y  :  18 z  :  11 
Registers used: 15 out of 35 (42.9%)

ATmega16 instruction use summary:
.lds  :   0 .lds.l:   0 .sts  :   0 .sts.l:   0 adc   :   1 add   :   1 
adiw  :   2 and   :   0 andi  :   0 asr   :   0 bclr  :   0 bld   :   3 
brbc  :   0 brbs  :   0 brcc  :   1 brcs  :   0 break :   0 breq  :   1 
brge  :   0 brhc  :   0 brhs  :   0 brid  :   0 brie  :   0 brlo  :   1 
brlt  :   0 brmi  :   0 brne  :  15 brpl  :   0 brsh  :   0 brtc  :   2 
brts  :   0 brvc  :   0 brvs  :   0 bset  :   0 bst   :   1 call  :   2 
cbi   :   0 cbr   :   0 clc   :   0 clh   :   0 cli   :   1 cln   :   0 
clr   :   5 cls   :   0 clt   :   3 clv   :   0 clz   :   0 com   :   6 
cp    :   0 cpc   :   3 cpi   :  11 cpse  :   0 dec   :   2 des   :   0 
eor   :   0 fmul  :   0 fmuls :   0 fmulsu:   0 icall :   0 ijmp  :   0 
in    :   2 inc   :   1 jmp   :  22 ld    :   9 ldd   :   0 ldi   :  52 
lds   :  20 lpm   :  15 lsl   :   1 lsr   :   0 mov   :   0 movw  :   6 
mul   :   0 muls  :   0 mulsu :   0 neg   :   2 nop   :   0 or    :   0 
ori   :   0 out   :  30 pop   :   0 push  :   0 rcall :  19 ret   :  11 
reti  :   2 rjmp  :  18 rol   :   3 ror   :   0 sbc   :   1 sbci  :   5 
sbi   :   0 sbic  :   0 sbis  :   0 sbiw  :   4 sbr   :   1 sbrc  :   1 
sbrs  :   4 sec   :   0 seh   :   0 sei   :   1 sen   :   0 ser   :   0 
ses   :   0 set   :   3 sev   :   0 sez   :   0 sleep :   0 spm   :   0 
st    :  12 std   :   0 sts   :  11 sub   :   1 subi  :   7 swap  :   0 
tst   :   0 wdr   :   0 
Instructions used: 46 out of 116 (39.7%)

ATmega16 memory use summary [bytes]:
Segment   Begin    End      Code   Data   Used    Size   Use%
---------------------------------------------------------------
[.cseg] 0x000000 0x000324    752     52    804   16384   4.9%
[.dseg] 0x000060 0x000165      0      5      5    1024   0.5%
[.eseg] 0x000000 0x000000      0      0      0     512   0.0%

Assembly complete, 0 errors, 3 warnings
